 | [32m13:58:05.051[0m | [36mnull    [0m | [32mInfo [0m | [36mComposeHotReloadMcp[0m | [33mmain[0m | [32mMCP server starting. Watching PID file: /Users/macbookpro/AndroidStudioProjects/ComposeHotReloadDemo/composeApp/build/run/desktopMain/desktopMain.pid[0m
kotlin-logging: initializing... active logger factory: Slf4jLoggerFactory
SLF4J(W): No SLF4J providers were found.
SLF4J(W): Defaulting to no-operation (NOP) logger implementation
SLF4J(W): See https://www.slf4j.org/codes.html#noProviders for further details.
 | [32m14:03:10.662[0m | [36mnull    [0m | [32mInfo [0m | [36mComposeHotReloadMcp[0m | [33mmain[0m | [32mFound orchestration port 58355, connecting...[0m
 | [32m14:03:14.092[0m | [36mnull    [0m | [32mInfo [0m | [36mComposeHotReloadMcp[0m | [33mmain[0m | [32mConnected to orchestration on port 58355[0m
 | [32m14:04:10.745[0m | [36mnull    [0m | [32mInfo [0m | [36mMcpServerKt[0m | [33mDefaultDispatcher-worker-4[0m | [32mtake_screenshot: sending request '2$d6d6cc0d-967e-4e82-b8f3-b5c7833f80c4'[0m
 | [32m14:08:47.101[0m | [36mnull    [0m | [32mInfo [0m | [36mMcpServerKt[0m | [33mDefaultDispatcher-worker-6[0m | [32mtake_screenshot: sending request '6$ea051c48-86b3-4568-bb4d-cddb01dee401'[0m
 | [32m14:09:07.975[0m | [36mnull    [0m | [32mInfo [0m | [36mMcpServerKt[0m | [33mDefaultDispatcher-worker-6[0m | [32mget_semantic_tree: sending request '10$73451dce-bc51-4a7b-b3bd-bd30fdc0836c'[0m
 | [32m14:09:14.466[0m | [36mnull    [0m | [32mInfo [0m | [36mMcpServerKt[0m | [33mDefaultDispatcher-worker-6[0m | [32mclick: sending request '14$d5cb41e2-4cc5-4d99-861f-58c516f324ce' nodeId=10 action=org.jetbrains.compose.reload.orchestration.OrchestrationMessage$UIAction$Click@58f3518d[0m
 | [32m14:09:19.831[0m | [36mnull    [0m | [32mInfo [0m | [36mMcpServerKt[0m | [33mDefaultDispatcher-worker-6[0m | [32mget_semantic_tree: sending request '18$1313e688-50cf-4089-9827-62253e9963e7'[0m
 | [32m14:09:26.654[0m | [36mnull    [0m | [32mInfo [0m | [36mMcpServerKt[0m | [33mDefaultDispatcher-worker-6[0m | [32mtake_screenshot: sending request '22$1747f239-ed65-46ca-a9ec-36a8597dc79b'[0m
 | [32m14:09:32.630[0m | [36mnull    [0m | [32mInfo [0m | [36mMcpServerKt[0m | [33mDefaultDispatcher-worker-6[0m | [32mtype_text: sending request '26$6764b63a-3b38-4f3c-a5d1-0473b1cc6c07' nodeId=23 action=SetText(text=Buy milk)[0m
 | [32m14:09:37.280[0m | [36mnull    [0m | [32mInfo [0m | [36mMcpServerKt[0m | [33mDefaultDispatcher-worker-6[0m | [32mclick: sending request '30$d1ee8335-a6ed-4951-820c-8beb8fec3b40' nodeId=31 action=org.jetbrains.compose.reload.orchestration.OrchestrationMessage$UIAction$Click@58f3518d[0m
 | [32m14:09:45.909[0m | [36mnull    [0m | [32mInfo [0m | [36mMcpServerKt[0m | [33mDefaultDispatcher-worker-6[0m | [32mtype_text: sending request '34$e8b8316c-3860-41ff-93df-2394180e0972' nodeId=23 action=SetText(text=Walk the dog)[0m
 | [32m14:09:46.886[0m | [36mnull    [0m | [32mInfo [0m | [36mMcpServerKt[0m | [33mDefaultDispatcher-worker-6[0m | [32mclick: sending request '38$87fcaf1a-0ca1-4b59-ba69-8cbe0381c5a7' nodeId=31 action=org.jetbrains.compose.reload.orchestration.OrchestrationMessage$UIAction$Click@58f3518d[0m
 | [32m14:09:53.363[0m | [36mnull    [0m | [32mInfo [0m | [36mMcpServerKt[0m | [33mDefaultDispatcher-worker-6[0m | [32mget_semantic_tree: sending request '42$f39b918d-289d-4776-a83a-a6ac9b5598d5'[0m
 | [32m14:09:54.376[0m | [36mnull    [0m | [32mInfo [0m | [36mMcpServerKt[0m | [33mDefaultDispatcher-worker-6[0m | [32mtake_screenshot: sending request '46$4b0a6e30-767a-422e-b454-2e53fdc36770'[0m
 | [32m14:10:51.377[0m | [36mnull    [0m | [32mInfo [0m | [36mMcpServerKt[0m | [33mDefaultDispatcher-worker-6[0m | [32mreload: sending RecompileRequest '50$7d82637c-5b72-428f-9836-08dc39e3696b' (timeout 60s)[0m
 | [32m14:11:11.140[0m | [36mnull    [0m | [32mInfo [0m | [36mMcpServerKt[0m | [33mDefaultDispatcher-worker-6[0m | [32mreload: classes reloaded successfully[0m
 | [32m14:11:18.982[0m | [36mnull    [0m | [32mInfo [0m | [36mMcpServerKt[0m | [33mDefaultDispatcher-worker-6[0m | [32mget_semantic_tree: sending request '93$80abcfa6-0a73-4628-ae0e-d140de8db3f1'[0m
 | [32m14:11:28.192[0m | [36mnull    [0m | [32mInfo [0m | [36mMcpServerKt[0m | [33mDefaultDispatcher-worker-6[0m | [32mtype_text: sending request '97$4163853b-cef6-470c-bb11-2c5153ba9d9b' nodeId=38 action=SetText(text=Buy milk)[0m
 | [32m14:11:29.209[0m | [36mnull    [0m | [32mInfo [0m | [36mMcpServerKt[0m | [33mDefaultDispatcher-worker-6[0m | [32mclick: sending request '101$ae848697-02ac-4cb2-8b6a-c52e6b1ceb1f' nodeId=46 action=org.jetbrains.compose.reload.orchestration.OrchestrationMessage$UIAction$Click@58f3518d[0m
 | [32m14:11:35.696[0m | [36mnull    [0m | [32mInfo [0m | [36mMcpServerKt[0m | [33mDefaultDispatcher-worker-6[0m | [32mget_semantic_tree: sending request '105$f8159d69-374a-4a42-98a5-f6faa84f2add'[0m
 | [32m14:11:43.694[0m | [36mnull    [0m | [32mInfo [0m | [36mMcpServerKt[0m | [33mDefaultDispatcher-worker-6[0m | [32mtype_text: sending request '109$ac795a8b-3134-4ae1-8b8a-11c334d888d8' nodeId=38 action=SetText(text=Walk the dog)[0m
 | [32m14:11:44.704[0m | [36mnull    [0m | [32mInfo [0m | [36mMcpServerKt[0m | [33mDefaultDispatcher-worker-6[0m | [32mclick: sending request '113$ecefccbb-31b2-45b2-9968-b27cb6cb7ca0' nodeId=46 action=org.jetbrains.compose.reload.orchestration.OrchestrationMessage$UIAction$Click@58f3518d[0m
 | [32m14:11:45.718[0m | [36mnull    [0m | [32mInfo [0m | [36mMcpServerKt[0m | [33mDefaultDispatcher-worker-6[0m | [32mtake_screenshot: sending request '117$ec3ce99a-1ac6-40d9-ba8a-3c8bb21863ee'[0m
