[13:57:28] === mcp_daemon starting ===
[13:57:28] cwd=/Users/macbookpro/AndroidStudioProjects/ComposeHotReloadDemo
[13:57:28] Sending initialize request...
[13:58:05] initialize response: {"id": "init-1", "result": {"protocolVersion": "2024-11-05", "capabilities": {"tools": {"listChanged": false}}, "serverInfo": {"name": "compose-hot-reload", "version": "1.2.0"}}, "jsonrpc": "2.0"}
[13:58:05] Sent notifications/initialized
[13:58:06] tools/list saved to mcp_tools_list.json. Stray lines so far: 0
[13:58:06] === daemon ready, watching mcp_queue/ for cmd_*.json ===
[13:58:39] -> tools/call status args={} (id=call-0001)
[13:58:39] <- wrote result_0001.json (timed_out=False)
[14:04:04] -> tools/call status args={} (id=call-0002)
[14:04:04] <- wrote result_0002.json (timed_out=False)
[14:04:10] -> tools/call take_screenshot args={} (id=call-0003)
[14:04:12]    saved image -> article-assets/take_screenshot_0003_0.png (304111 bytes)
[14:04:12] <- wrote result_0003.json (timed_out=False)
[14:08:47] -> tools/call take_screenshot args={} (id=call-0004)
[14:08:47]    saved image -> article-assets/take_screenshot_0004_0.png (8128 bytes)
[14:08:47] <- wrote result_0004.json (timed_out=False)
[14:09:07] -> tools/call get_semantic_tree args={} (id=call-0005)
[14:09:08] <- wrote result_0005.json (timed_out=False)
[14:09:14] -> tools/call click args={'nodeId': 10} (id=call-0006)
[14:09:14] <- wrote result_0006.json (timed_out=False)
[14:09:19] -> tools/call get_semantic_tree args={} (id=call-0007)
[14:09:19] <- wrote result_0007.json (timed_out=False)
[14:09:26] -> tools/call take_screenshot args={} (id=call-0008)
[14:09:26]    saved image -> article-assets/take_screenshot_0008_0.png (6614 bytes)
[14:09:26] <- wrote result_0008.json (timed_out=False)
[14:09:32] -> tools/call type_text args={'nodeId': 23, 'text': 'Buy milk'} (id=call-0009)
[14:09:32] <- wrote result_0009.json (timed_out=False)
[14:09:37] -> tools/call click args={'nodeId': 31} (id=call-0010)
[14:09:37] <- wrote result_0010.json (timed_out=False)
[14:09:45] -> tools/call type_text args={'nodeId': 23, 'text': 'Walk the dog'} (id=call-0011)
[14:09:45] <- wrote result_0011.json (timed_out=False)
[14:09:46] -> tools/call click args={'nodeId': 31} (id=call-0012)
[14:09:46] <- wrote result_0012.json (timed_out=False)
[14:09:53] -> tools/call get_semantic_tree args={} (id=call-0013)
[14:09:53] <- wrote result_0013.json (timed_out=False)
[14:09:54] -> tools/call take_screenshot args={} (id=call-0014)
[14:09:54]    saved image -> article-assets/take_screenshot_0014_0.png (9468 bytes)
[14:09:54] <- wrote result_0014.json (timed_out=False)
[14:10:51] -> tools/call reload args={'timeout_seconds': 60} (id=call-0015)
[14:11:11] <- wrote result_0015.json (timed_out=False)
[14:11:18] -> tools/call get_semantic_tree args={} (id=call-0016)
[14:11:19] <- wrote result_0016.json (timed_out=False)
[14:11:28] -> tools/call type_text args={'nodeId': 38, 'text': 'Buy milk'} (id=call-0017)
[14:11:28] <- wrote result_0017.json (timed_out=False)
[14:11:29] -> tools/call click args={'nodeId': 46} (id=call-0018)
[14:11:29] <- wrote result_0018.json (timed_out=False)
[14:11:35] -> tools/call get_semantic_tree args={} (id=call-0019)
[14:11:35] <- wrote result_0019.json (timed_out=False)
[14:11:43] -> tools/call type_text args={'nodeId': 38, 'text': 'Walk the dog'} (id=call-0020)
[14:11:43] <- wrote result_0020.json (timed_out=False)
[14:11:44] -> tools/call click args={'nodeId': 46} (id=call-0021)
[14:11:44] <- wrote result_0021.json (timed_out=False)
[14:11:45] -> tools/call take_screenshot args={} (id=call-0022)
[14:11:45]    saved image -> article-assets/take_screenshot_0022_0.png (11141 bytes)
[14:11:45] <- wrote result_0022.json (timed_out=False)
[14:12:04] -> tools/call get_logs args={'limit': 40} (id=call-0023)
[14:12:04] <- wrote result_0023.json (timed_out=False)
[14:12:05] -> tools/call status args={} (id=call-0024)
[14:12:05] <- wrote result_0024.json (timed_out=False)
